// Vitest Snapshot v1, https://vitest.dev/guide/snapshot.html

exports[`Layout > Layout component should match the snapshot 1`] = `
<div>
  <div
    class="sc-VHjGu jhXzHT"
  >
    <header
      class="sc-gnOvAp bDeckY"
      role="banner"
    >
      <img
        alt="Qantas logo"
        class="sc-dQkurY kkMorT"
        role="logo"
        src="/src/assets/qantas-logo.png"
        tabindex="0"
      />
    </header>
    <main
      data-testid="main-content"
    />
  </div>
</div>
`;
